Train 1 passing through
Train 2 passing through
Train 3 passing through
Train 4 passing through
Train 5 passing through
Success