Train 1 passing through
Train 2 passing through
Train 3 passing through
Error: Impossible to rearrange
There is no any train in the holding track